// Jest Snapshot v1, https://goo.gl/fbAQLP

exports[`Button should display text correctly 1`] = `
<div>
  <button
    class="button"
    data-testid="button"
  >
    50
  </button>
</div>
`;
